[template.hasthemes.com/greenfarm/greenfarm/index.html]
[backblue.gif]
[fade.gif]
[index.html]
[template.hasthemes.com/greenfarm/greenfarm/assets/images/favicon.ico]
[template.hasthemes.com/greenfarm/greenfarm/assets/css/bootstrap.min.css]
[template.hasthemes.com/greenfarm/greenfarm/assets/css/font-awesome.min.css]
[template.hasthemes.com/greenfarm/greenfarm/assets/css/elegent.min.css]
[template.hasthemes.com/greenfarm/greenfarm/assets/css/plugins.css]
[template.hasthemes.com/greenfarm/greenfarm/assets/css/helper.css]
[template.hasthemes.com/greenfarm/greenfarm/assets/css/main.css]
[template.hasthemes.com/greenfarm/greenfarm/assets/js/vendor/modernizr-2.8.3.min.js]
[template.hasthemes.com/greenfarm/greenfarm/my-account.html]
[template.hasthemes.com/greenfarm/greenfarm/wishlist.html]
[template.hasthemes.com/greenfarm/greenfarm/checkout.html]
[template.hasthemes.com/greenfarm/greenfarm/assets/images/logo.webp]
[template.hasthemes.com/greenfarm/greenfarm/assets/images/icon-phone.webp]
[template.hasthemes.com/greenfarm/greenfarm/cart.html]
[template.hasthemes.com/greenfarm/greenfarm/single-product.html]
[template.hasthemes.com/greenfarm/greenfarm/assets/images/products/product01.webp]
[template.hasthemes.com/greenfarm/greenfarm/assets/images/products/product02.webp]
[template.hasthemes.com/greenfarm/greenfarm/index-2.html]
[template.hasthemes.com/greenfarm/greenfarm/index-3.html]
[template.hasthemes.com/greenfarm/greenfarm/index-4.html]
[template.hasthemes.com/greenfarm/greenfarm/index-5.html]
[template.hasthemes.com/greenfarm/greenfarm/index-6.html]
[template.hasthemes.com/greenfarm/greenfarm/shop-left-sidebar.html]
[template.hasthemes.com/greenfarm/greenfarm/shop-4-column.html]
[template.hasthemes.com/greenfarm/greenfarm/shop-3-column.html]
[template.hasthemes.com/greenfarm/greenfarm/shop-right-sidebar.html]
[template.hasthemes.com/greenfarm/greenfarm/shop-list.html]
[template.hasthemes.com/greenfarm/greenfarm/shop-list-left-sidebar.html]
[template.hasthemes.com/greenfarm/greenfarm/shop-list-right-sidebar.html]
[template.hasthemes.com/greenfarm/greenfarm/single-product-variable.html]
[template.hasthemes.com/greenfarm/greenfarm/single-product-affiliate.html]
[template.hasthemes.com/greenfarm/greenfarm/single-product-group.html]
[template.hasthemes.com/greenfarm/greenfarm/single-product-tabstyle-2.html]
[template.hasthemes.com/greenfarm/greenfarm/single-product-tabstyle-3.html]
[template.hasthemes.com/greenfarm/greenfarm/single-product-gallery-left.html]
[template.hasthemes.com/greenfarm/greenfarm/single-product-gallery-right.html]
[template.hasthemes.com/greenfarm/greenfarm/single-product-sticky-left.html]
[template.hasthemes.com/greenfarm/greenfarm/single-product-sticky-right.html]
[template.hasthemes.com/greenfarm/greenfarm/single-product-slider-box.html]
[template.hasthemes.com/greenfarm/greenfarm/login-register.html]
[template.hasthemes.com/greenfarm/greenfarm/faq.html]
[template.hasthemes.com/greenfarm/greenfarm/compare.html]
[template.hasthemes.com/greenfarm/greenfarm/contact.html]
[template.hasthemes.com/greenfarm/greenfarm/blog-3-column.html]
[template.hasthemes.com/greenfarm/greenfarm/blog-grid-left-sidebar.html]
[template.hasthemes.com/greenfarm/greenfarm/blog-grid-right-sidebar.html]
[template.hasthemes.com/greenfarm/greenfarm/blog-list-left-sidebar.html]
[template.hasthemes.com/greenfarm/greenfarm/blog-list-right-sidebar.html]
[template.hasthemes.com/greenfarm/greenfarm/blog-post-left-sidebar.html]
[template.hasthemes.com/greenfarm/greenfarm/blog-post-right-sidebar.html]
[template.hasthemes.com/greenfarm/greenfarm/blog-post-image-format.html]
[template.hasthemes.com/greenfarm/greenfarm/blog-post-image-gallery.html]
[template.hasthemes.com/greenfarm/greenfarm/blog-post-audio-format.html]
[template.hasthemes.com/greenfarm/greenfarm/blog-post-video-format.html]
[template.hasthemes.com/greenfarm/greenfarm/assets/images/policy-icon1.webp]
[template.hasthemes.com/greenfarm/greenfarm/assets/images/policy-icon2.webp]
[template.hasthemes.com/greenfarm/greenfarm/assets/images/policy-icon3.webp]
[template.hasthemes.com/greenfarm/greenfarm/assets/images/categories/category1.webp]
[template.hasthemes.com/greenfarm/greenfarm/assets/images/categories/category2.webp]
[template.hasthemes.com/greenfarm/greenfarm/assets/images/categories/category3.webp]
[template.hasthemes.com/greenfarm/greenfarm/assets/images/categories/category4.webp]
[template.hasthemes.com/greenfarm/greenfarm/assets/images/categories/category5.webp]
[template.hasthemes.com/greenfarm/greenfarm/assets/images/categories/category6.webp]
[template.hasthemes.com/greenfarm/greenfarm/assets/images/categories/category7.webp]
[template.hasthemes.com/greenfarm/greenfarm/assets/images/products/product03.webp]
[template.hasthemes.com/greenfarm/greenfarm/assets/images/products/product04.webp]
[template.hasthemes.com/greenfarm/greenfarm/assets/images/products/product05.webp]
[template.hasthemes.com/greenfarm/greenfarm/assets/images/products/product06.webp]
[template.hasthemes.com/greenfarm/greenfarm/assets/images/products/product07.webp]
[template.hasthemes.com/greenfarm/greenfarm/assets/images/products/product08.webp]
[template.hasthemes.com/greenfarm/greenfarm/assets/images/products/product09.webp]
[template.hasthemes.com/greenfarm/greenfarm/assets/images/products/product10.webp]
[template.hasthemes.com/greenfarm/greenfarm/assets/images/product-banners/fullbanner-1.webp]
[template.hasthemes.com/greenfarm/greenfarm/assets/images/product-banners/fullbanner-2.webp]
[template.hasthemes.com/greenfarm/greenfarm/assets/images/product-banners/fullbanner-3.webp]
[template.hasthemes.com/greenfarm/greenfarm/assets/images/product-banners/fullbanner-4.webp]
[template.hasthemes.com/greenfarm/greenfarm/assets/images/product-banners/fullbanner-5.webp]
[template.hasthemes.com/greenfarm/greenfarm/assets/images/product-banners/fullbanner-6.webp]
[template.hasthemes.com/greenfarm/greenfarm/assets/images/products/product11.webp]
[template.hasthemes.com/greenfarm/greenfarm/assets/images/products/product12.webp]
[template.hasthemes.com/greenfarm/greenfarm/assets/images/blog-image/blog01.webp]
[template.hasthemes.com/greenfarm/greenfarm/assets/images/blog-image/blog02.webp]
[template.hasthemes.com/greenfarm/greenfarm/assets/images/blog-image/blog03.webp]
[template.hasthemes.com/greenfarm/greenfarm/assets/images/blog-image/blog04.webp]
[template.hasthemes.com/greenfarm/greenfarm/assets/images/brands/brand1.webp]
[template.hasthemes.com/greenfarm/greenfarm/assets/images/brands/brand2.webp]
[template.hasthemes.com/greenfarm/greenfarm/assets/images/brands/brand3.webp]
[template.hasthemes.com/greenfarm/greenfarm/assets/images/brands/brand4.webp]
[template.hasthemes.com/greenfarm/greenfarm/assets/images/brands/brand5.webp]
[template.hasthemes.com/greenfarm/greenfarm/assets/images/brands/brand6.webp]
[template.hasthemes.com/greenfarm/greenfarm/assets/images/icon-newsletter.webp]
[template.hasthemes.com/greenfarm/greenfarm/about-us.html]
[template.hasthemes.com/greenfarm/greenfarm/assets/images/payment-icon.webp]
[template.hasthemes.com/greenfarm/greenfarm/assets/js/vendor/jquery.min.js]
[template.hasthemes.com/greenfarm/greenfarm/assets/js/popper.min.js]
[template.hasthemes.com/greenfarm/greenfarm/assets/js/bootstrap.min.js]
[template.hasthemes.com/greenfarm/greenfarm/assets/js/plugins.js]
[template.hasthemes.com/greenfarm/greenfarm/index.html]
[template.hasthemes.com/greenfarm/greenfarm/assets/css/bootstrap.min.css]
[template.hasthemes.com/greenfarm/greenfarm/assets/js/main.js]
[template.hasthemes.com/greenfarm/greenfarm/assets/fonts/fontawesome-webfont3e6e.eot]
[template.hasthemes.com/greenfarm/greenfarm/assets/fonts/fontawesome-webfontd41d.eot]
[template.hasthemes.com/greenfarm/greenfarm/assets/fonts/fontawesome-webfont3e6e.woff2]
[template.hasthemes.com/greenfarm/greenfarm/assets/fonts/fontawesome-webfont3e6e.woff]
[template.hasthemes.com/greenfarm/greenfarm/assets/fonts/fontawesome-webfont3e6e.ttf]
[template.hasthemes.com/greenfarm/greenfarm/assets/css/font-awesome.min.css]
[template.hasthemes.com/greenfarm/greenfarm/assets/fonts/fontawesome-webfont3e6e.svg]
[template.hasthemes.com/greenfarm/greenfarm/assets/fonts/ElegantIcons.eot]
[template.hasthemes.com/greenfarm/greenfarm/assets/fonts/ElegantIconsd41d.eot]
[template.hasthemes.com/greenfarm/greenfarm/assets/fonts/ElegantIcons.woff]
[template.hasthemes.com/greenfarm/greenfarm/assets/fonts/ElegantIcons.ttf]
[template.hasthemes.com/greenfarm/greenfarm/assets/css/elegent.min.css]
[template.hasthemes.com/greenfarm/greenfarm/assets/css/plugins.css]
[template.hasthemes.com/greenfarm/greenfarm/assets/css/helper.css]
[template.hasthemes.com/greenfarm/greenfarm/assets/fonts/ElegantIcons.svg]
[template.hasthemes.com/greenfarm/greenfarm/assets/images/sliders/home1-slider1.webp]
[template.hasthemes.com/greenfarm/greenfarm/assets/images/sliders/home1-slider2.webp]
[template.hasthemes.com/greenfarm/greenfarm/assets/images/sliders/home2-slider1.webp]
[template.hasthemes.com/greenfarm/greenfarm/assets/images/sliders/home2-slider2.webp]
[template.hasthemes.com/greenfarm/greenfarm/assets/images/sliders/home3-slider1.webp]
[template.hasthemes.com/greenfarm/greenfarm/assets/images/sliders/home3-slider2.webp]
[template.hasthemes.com/greenfarm/greenfarm/assets/images/sliders/home4-slider1.webp]
[template.hasthemes.com/greenfarm/greenfarm/assets/images/sliders/home4-slider2.webp]
[template.hasthemes.com/greenfarm/greenfarm/assets/images/sliders/home7-slider1.webp]
[template.hasthemes.com/greenfarm/greenfarm/assets/images/sliders/home7-slider2.webp]
[template.hasthemes.com/greenfarm/greenfarm/assets/images/banners/fullbanner-bg.webp]
[template.hasthemes.com/greenfarm/greenfarm/assets/css/main.css]
[template.hasthemes.com/greenfarm/greenfarm/my-account.html]
[template.hasthemes.com/greenfarm/greenfarm/wishlist.html]
[template.hasthemes.com/greenfarm/greenfarm/checkout.html]
[template.hasthemes.com/greenfarm/greenfarm/cart.html]
[template.hasthemes.com/greenfarm/greenfarm/assets/images/big-product-image/product04.webp]
[template.hasthemes.com/greenfarm/greenfarm/assets/images/big-product-image/product05.webp]
[template.hasthemes.com/greenfarm/greenfarm/assets/images/big-product-image/product06.webp]
[template.hasthemes.com/greenfarm/greenfarm/assets/images/big-product-image/product07.webp]
[template.hasthemes.com/greenfarm/greenfarm/single-product.html]
[template.hasthemes.com/greenfarm/greenfarm/assets/images/icon-slider.webp]
[template.hasthemes.com/greenfarm/greenfarm/assets/images/banners/home2-banner1-1.webp]
[template.hasthemes.com/greenfarm/greenfarm/assets/images/banners/home2-banner1-2.webp]
[template.hasthemes.com/greenfarm/greenfarm/index-2.html]
[template.hasthemes.com/greenfarm/greenfarm/assets/images/banners/home3-banner1-1.webp]
[template.hasthemes.com/greenfarm/greenfarm/assets/images/banners/home3-banner1-2.webp]
[template.hasthemes.com/greenfarm/greenfarm/index-3.html]
[template.hasthemes.com/greenfarm/greenfarm/assets/images/banners/home4-category1-sidebar.webp]
[template.hasthemes.com/greenfarm/greenfarm/assets/images/banners/home4-category1-banner1.webp]
[template.hasthemes.com/greenfarm/greenfarm/assets/images/banners/home4-category1-banner2.webp]
[template.hasthemes.com/greenfarm/greenfarm/assets/images/banners/home4-category2-sidebar.webp]
[template.hasthemes.com/greenfarm/greenfarm/assets/images/banners/home4-category2-banner1.webp]
[template.hasthemes.com/greenfarm/greenfarm/assets/images/banners/home4-category2-banner2.webp]
[template.hasthemes.com/greenfarm/greenfarm/assets/images/banners/home4-category3-sidebar.webp]
[template.hasthemes.com/greenfarm/greenfarm/assets/images/banners/home4-category3-banner1.webp]
[template.hasthemes.com/greenfarm/greenfarm/assets/images/banners/home4-category3-banner2.webp]
[template.hasthemes.com/greenfarm/greenfarm/assets/images/banners/home4-category4-sidebar.webp]
[template.hasthemes.com/greenfarm/greenfarm/assets/images/banners/home4-category4-banner1.webp]
[template.hasthemes.com/greenfarm/greenfarm/assets/images/banners/home4-category4-banner2.webp]
[template.hasthemes.com/greenfarm/greenfarm/index-4.html]
[template.hasthemes.com/greenfarm/greenfarm/index-5.html]
[template.hasthemes.com/greenfarm/greenfarm/assets/images/banners/home6-banner1-1.webp]
[template.hasthemes.com/greenfarm/greenfarm/assets/images/banners/home6-banner1-2.webp]
[template.hasthemes.com/greenfarm/greenfarm/assets/images/banners/home6-banner2-1.webp]
[template.hasthemes.com/greenfarm/greenfarm/assets/images/banners/home6-banner2-2.webp]
[template.hasthemes.com/greenfarm/greenfarm/assets/images/banners/home6-banner2-3.webp]
[template.hasthemes.com/greenfarm/greenfarm/index-6.html]
[template.hasthemes.com/greenfarm/greenfarm/assets/images/banners/shop-banner.webp]
[template.hasthemes.com/greenfarm/greenfarm/shop-left-sidebar.html]
[template.hasthemes.com/greenfarm/greenfarm/assets/images/products/product13.webp]
[template.hasthemes.com/greenfarm/greenfarm/assets/images/products/product14.webp]
[template.hasthemes.com/greenfarm/greenfarm/assets/images/products/product15.webp]
[template.hasthemes.com/greenfarm/greenfarm/shop-4-column.html]
[template.hasthemes.com/greenfarm/greenfarm/shop-3-column.html]
[template.hasthemes.com/greenfarm/greenfarm/shop-right-sidebar.html]
[template.hasthemes.com/greenfarm/greenfarm/shop-list.html]
[template.hasthemes.com/greenfarm/greenfarm/shop-list-left-sidebar.html]
[template.hasthemes.com/greenfarm/greenfarm/shop-list-right-sidebar.html]
[template.hasthemes.com/greenfarm/greenfarm/single-product-variable.html]
[template.hasthemes.com/greenfarm/greenfarm/single-product-affiliate.html]
[template.hasthemes.com/greenfarm/greenfarm/single-product-group.html]
[template.hasthemes.com/greenfarm/greenfarm/single-product-tabstyle-2.html]
[template.hasthemes.com/greenfarm/greenfarm/single-product-tabstyle-3.html]
[template.hasthemes.com/greenfarm/greenfarm/single-product-gallery-left.html]
[template.hasthemes.com/greenfarm/greenfarm/single-product-gallery-right.html]
[template.hasthemes.com/greenfarm/greenfarm/single-product-sticky-left.html]
[template.hasthemes.com/greenfarm/greenfarm/single-product-sticky-right.html]
[template.hasthemes.com/greenfarm/greenfarm/single-product-slider-box.html]
[template.hasthemes.com/greenfarm/greenfarm/login-register.html]
[template.hasthemes.com/greenfarm/greenfarm/faq.html]
[template.hasthemes.com/greenfarm/greenfarm/compare.html]
[template.hasthemes.com/greenfarm/greenfarm/assets/images/icons/contact-icon1.webp]
[template.hasthemes.com/greenfarm/greenfarm/assets/images/icons/contact-icon2.webp]
[template.hasthemes.com/greenfarm/greenfarm/assets/images/icons/contact-icon3.webp]
[template.hasthemes.com/greenfarm/greenfarm/contact.html]
[template.hasthemes.com/greenfarm/greenfarm/assets/js/ajax-mail.js]
[template.hasthemes.com/greenfarm/greenfarm/assets/images/blog-image/blog01-700x665.webp]
[template.hasthemes.com/greenfarm/greenfarm/assets/images/blog-image/blog05-700x665.webp]
[template.hasthemes.com/greenfarm/greenfarm/assets/images/blog-image/blog03-700x665.webp]
[template.hasthemes.com/greenfarm/greenfarm/assets/images/blog-image/blog06-700x665.webp]
[template.hasthemes.com/greenfarm/greenfarm/blog-3-column.html]
[template.hasthemes.com/greenfarm/greenfarm/assets/images/road-avatar-50x50.webp]
[template.hasthemes.com/greenfarm/greenfarm/blog-grid-left-sidebar.html]
[template.hasthemes.com/greenfarm/greenfarm/blog-grid-right-sidebar.html]
[template.hasthemes.com/greenfarm/greenfarm/blog-list-left-sidebar.html]
[template.hasthemes.com/greenfarm/greenfarm/blog-list-right-sidebar.html]
[template.hasthemes.com/greenfarm/greenfarm/assets/images/single-post-image/blog01.webp]
[template.hasthemes.com/greenfarm/greenfarm/blog-post-left-sidebar.html]
[template.hasthemes.com/greenfarm/greenfarm/blog-post-right-sidebar.html]
[template.hasthemes.com/greenfarm/greenfarm/blog-post-image-format.html]
[template.hasthemes.com/greenfarm/greenfarm/assets/images/single-post-image/blog05.webp]
[template.hasthemes.com/greenfarm/greenfarm/blog-post-image-gallery.html]
[template.hasthemes.com/greenfarm/greenfarm/assets/images/single-post-image/blog03.webp]
[template.hasthemes.com/greenfarm/greenfarm/blog-post-audio-format.html]
[template.hasthemes.com/greenfarm/greenfarm/blog-post-video-format.html]
[template.hasthemes.com/greenfarm/greenfarm/about-us.html]
[template.hasthemes.com/greenfarm/greenfarm/assets/fonts/fontawesome-webfont3e6e.svg]
[template.hasthemes.com/greenfarm/greenfarm/assets/fonts/ElegantIcons.svg]
